
> textures@0.1.0 build
> next build

Γû▓ Next.js 16.1.6 (Turbopack)
- Environments: .env
- Experiments (use with caution):
  ┬╖ optimizePackageImports

  Creating an optimized production build ...
node.exe : 
At line:1 char:1
+ & "D:\Program 
Files/node.exe" 
"D:\Program Files/node_mod
ules/npm/bin/ ...
+ ~~~~~~~~~~~~~~~~~~~~~~~~
~~~~~~~~~~~~~~~~~~~~~~~~~~
~~~~~~~~~~~~~~~~~~~
    + CategoryInfo        
      : NotSpecified: (:  
  String) [], RemoteExc   
 eption
    + FullyQualifiedError 
   Id : NativeCommandErr  
  or
 
> Build error occurred
Error: Turbopack build 
failed with 9 errors:
./src/app/crm/login/page.t
sx:2:1
Ecmascript file had an 
error
[0m [90m 1 |[39m 
[36mimport[39m { 
[33mMetadata[39m } 
[36mfrom[39m [32m'next'
[39m[33m;[39m
[31m[1m>[22m[39m[90m 
2 |[39m [32m'use 
client'[39m[33m;[39m
 [90m   |[39m [31m[1m^
[22m[39m[31m[1m^[22m
[39m[31m[1m^[22m[39m[
31m[1m^[22m[39m[31m[1
m^[22m[39m[31m[1m^[22
m[39m[31m[1m^[22m[39m
[31m[1m^[22m[39m[31m
[1m^[22m[39m[31m[1m^[
22m[39m[31m[1m^[22m[3
9m[31m[1m^[22m[39m[31
m[1m^[22m[39m
 [90m 3 |[39m
 [90m 4 |[39m 
[36mimport[39m { 
useState } [36mfrom[39m 
[32m'react'[39m[33m;[3
9m
 [90m 5 |[39m 
[36mimport[39m { 
supabase } [36mfrom[39m 
[32m'@/lib/supabase/clien
t'[39m[33m;[39m[0m

The "use client" 
directive must be placed 
before other expressions. 
Move it to the top of the 
file to resolve this 
issue.

Import trace:
  App Route:
    ./src/app/crm/login/pa
ge.tsx
    ./src/app/sitemap.ts
    ./src/app/sitemap--rou
te-entry.js


./src/app/crm/login/page.t
sx:6:10
Ecmascript file had an 
error
[0m [90m 4 |[39m 
[36mimport[39m { 
useState } [36mfrom[39m 
[32m'react'[39m[33m;[3
9m
 [90m 5 |[39m 
[36mimport[39m { 
supabase } [36mfrom[39m 
[32m'@/lib/supabase/clien
t'[39m[33m;[39m
[31m[1m>[22m[39m[90m 
6 |[39m [36mimport[39m 
{ useRouter } 
[36mfrom[39m [32m'next/
navigation'[39m[33m;[39
m
 [90m   |[39m          
[31m[1m^[22m[39m[31m[
1m^[22m[39m[31m[1m^[2
2m[39m[31m[1m^[22m[39
m[31m[1m^[22m[39m[31m
[1m^[22m[39m[31m[1m^
[22m[39m[31m[1m^[22m[
39m[31m[1m^[22m[39m
 [90m 7 |[39m 
[36mimport[39m 
[33mNavbar[39m 
[36mfrom[39m [32m'@/com
ponents/Navbar'[39m[33m;
[39m
 [90m 8 |[39m 
[36mimport[39m 
[33mFooter[39m 
[36mfrom[39m [32m'@/com
ponents/Footer'[39m[33m;
[39m
 [90m 9 |[39m 
[36mimport[39m 
[33mTaxiButton[39m 
[36mfrom[39m [32m'@/com
ponents/TaxiButton'[39m[
33m;[39m[0m

You're importing a 
component that needs 
`useRouter`. This React 
Hook only works in a 
Client Component. To fix, 
mark the file (or its 
parent) with the `"use 
client"` directive.

 Learn more: https://nextj
s.org/docs/app/api-referen
ce/directives/use-client



Import trace:
  App Route:
    ./src/app/crm/login/pa
ge.tsx
    ./src/app/sitemap.ts
    ./src/app/sitemap--rou
te-entry.js


./src/app/crm/login/page.t
sx:4:10
Ecmascript file had an 
error
[0m [90m 2 |[39m 
[32m'use 
client'[39m[33m;[39m
 [90m 3 |[39m
[31m[1m>[22m[39m[90m 
4 |[39m [36mimport[39m 
{ useState } 
[36mfrom[39m [32m'react
'[39m[33m;[39m
 [90m   |[39m          
[31m[1m^[22m[39m[31m[
1m^[22m[39m[31m[1m^[2
2m[39m[31m[1m^[22m[39
m[31m[1m^[22m[39m[31m
[1m^[22m[39m[31m[1m^
[22m[39m[31m[1m^[22m[
39m
 [90m 5 |[39m 
[36mimport[39m { 
supabase } [36mfrom[39m 
[32m'@/lib/supabase/clien
t'[39m[33m;[39m
 [90m 6 |[39m 
[36mimport[39m { 
useRouter } 
[36mfrom[39m [32m'next/
navigation'[39m[33m;[39
m
 [90m 7 |[39m 
[36mimport[39m 
[33mNavbar[39m 
[36mfrom[39m [32m'@/com
ponents/Navbar'[39m[33m;
[39m[0m

You're importing a 
component that needs 
`useState`. This React 
Hook only works in a 
Client Component. To fix, 
mark the file (or its 
parent) with the `"use 
client"` directive.

 Learn more: https://nextj
s.org/docs/app/api-referen
ce/directives/use-client



Import trace:
  App Route:
    ./src/app/crm/login/pa
ge.tsx
    ./src/app/sitemap.ts
    ./src/app/sitemap--rou
te-entry.js


./src/app/crm/page.tsx:2:1
Ecmascript file had an 
error
[0m [90m 1 |[39m 
[36mimport[39m { 
[33mMetadata[39m } 
[36mfrom[39m [32m'next'
[39m[33m;[39m
[31m[1m>[22m[39m[90m 
2 |[39m [32m'use 
client'[39m[33m;[39m
 [90m   |[39m [31m[1m^
[22m[39m[31m[1m^[22m
[39m[31m[1m^[22m[39m[
31m[1m^[22m[39m[31m[1
m^[22m[39m[31m[1m^[22
m[39m[31m[1m^[22m[39m
[31m[1m^[22m[39m[31m
[1m^[22m[39m[31m[1m^[
22m[39m[31m[1m^[22m[3
9m[31m[1m^[22m[39m[31
m[1m^[22m[39m
 [90m 3 |[39m
 [90m 4 |[39m 
[36mimport[39m { 
useState[33m,[39m 
useEffect } 
[36mfrom[39m [32m'react
'[39m[33m;[39m
 [90m 5 |[39m 
[36mimport[39m { 
supabase } [36mfrom[39m 
[32m'@/lib/supabase/clien
t'[39m[33m;[39m[0m

The "use client" 
directive must be placed 
before other expressions. 
Move it to the top of the 
file to resolve this 
issue.

Import trace:
  App Route:
    ./src/app/crm/page.tsx
    ./src/app/sitemap.ts
    ./src/app/sitemap--rou
te-entry.js


./src/app/crm/page.tsx:4:2
0
Ecmascript file had an 
error
[0m [90m 2 |[39m 
[32m'use 
client'[39m[33m;[39m
 [90m 3 |[39m
[31m[1m>[22m[39m[90m 
4 |[39m [36mimport[39m 
{ useState[33m,[39m 
useEffect } 
[36mfrom[39m [32m'react
'[39m[33m;[39m
 [90m   |[39m           
         [31m[1m^[22m[
39m[31m[1m^[22m[39m[3
1m[1m^[22m[39m[31m[1m
^[22m[39m[31m[1m^[22m
[39m[31m[1m^[22m[39m
[31m[1m^[22m[39m[31m[
1m^[22m[39m[31m[1m^[2
2m[39m
 [90m 5 |[39m 
[36mimport[39m { 
supabase } [36mfrom[39m 
[32m'@/lib/supabase/clien
t'[39m[33m;[39m
 [90m 6 |[39m 
[36mimport[39m { 
useRouter } 
[36mfrom[39m [32m'next/
navigation'[39m[33m;[39
m
 [90m 7 |[39m 
[36mimport[39m 
[33mLink[39m 
[36mfrom[39m [32m'next/
link'[39m[33m;[39m[0m

You're importing a 
component that needs 
`useEffect`. This React 
Hook only works in a 
Client Component. To fix, 
mark the file (or its 
parent) with the `"use 
client"` directive.

 Learn more: https://nextj
s.org/docs/app/api-referen
ce/directives/use-client



Import trace:
  App Route:
    ./src/app/crm/page.tsx
    ./src/app/sitemap.ts
    ./src/app/sitemap--rou
te-entry.js


./src/app/crm/page.tsx:6:1
0
Ecmascript file had an 
error
[0m [90m 4 |[39m 
[36mimport[39m { 
useState[33m,[39m 
useEffect } 
[36mfrom[39m [32m'react
'[39m[33m;[39m
 [90m 5 |[39m 
[36mimport[39m { 
supabase } [36mfrom[39m 
[32m'@/lib/supabase/clien
t'[39m[33m;[39m
[31m[1m>[22m[39m[90m 
6 |[39m [36mimport[39m 
{ useRouter } 
[36mfrom[39m [32m'next/
navigation'[39m[33m;[39
m
 [90m   |[39m          
[31m[1m^[22m[39m[31m[
1m^[22m[39m[31m[1m^[2
2m[39m[31m[1m^[22m[39
m[31m[1m^[22m[39m[31m
[1m^[22m[39m[31m[1m^
[22m[39m[31m[1m^[22m[
39m[31m[1m^[22m[39m
 [90m 7 |[39m 
[36mimport[39m 
[33mLink[39m 
[36mfrom[39m [32m'next/
link'[39m[33m;[39m
 [90m 8 |[39m 
[36mimport[39m { deleteB
ookingAction[33m,[39m 
deleteContactAction } 
[36mfrom[39m [32m'@/app
/actions/crm'[39m[33m;[
39m
 [90m 9 |[39m[0m

You're importing a 
component that needs 
`useRouter`. This React 
Hook only works in a 
Client Component. To fix, 
mark the file (or its 
parent) with the `"use 
client"` directive.

 Learn more: https://nextj
s.org/docs/app/api-referen
ce/directives/use-client



Import trace:
  App Route:
    ./src/app/crm/page.tsx
    ./src/app/sitemap.ts
    ./src/app/sitemap--rou
te-entry.js


./src/app/crm/page.tsx:4:1
0
Ecmascript file had an 
error
[0m [90m 2 |[39m 
[32m'use 
client'[39m[33m;[39m
 [90m 3 |[39m
[31m[1m>[22m[39m[90m 
4 |[39m [36mimport[39m 
{ useState[33m,[39m 
useEffect } 
[36mfrom[39m [32m'react
'[39m[33m;[39m
 [90m   |[39m          
[31m[1m^[22m[39m[31m[
1m^[22m[39m[31m[1m^[2
2m[39m[31m[1m^[22m[39
m[31m[1m^[22m[39m[31m
[1m^[22m[39m[31m[1m^
[22m[39m[31m[1m^[22m[
39m
 [90m 5 |[39m 
[36mimport[39m { 
supabase } [36mfrom[39m 
[32m'@/lib/supabase/clien
t'[39m[33m;[39m
 [90m 6 |[39m 
[36mimport[39m { 
useRouter } 
[36mfrom[39m [32m'next/
navigation'[39m[33m;[39
m
 [90m 7 |[39m 
[36mimport[39m 
[33mLink[39m 
[36mfrom[39m [32m'next/
link'[39m[33m;[39m[0m

You're importing a 
component that needs 
`useState`. This React 
Hook only works in a 
Client Component. To fix, 
mark the file (or its 
parent) with the `"use 
client"` directive.

 Learn more: https://nextj
s.org/docs/app/api-referen
ce/directives/use-client



Import trace:
  App Route:
    ./src/app/crm/page.tsx
    ./src/app/sitemap.ts
    ./src/app/sitemap--rou
te-entry.js


./src/app/attraction-trans
fer/castel-dell-ovo-taxi-t
ransfer/page.tsx:11:43
Parsing ecmascript source 
code failed
[0m [90m  9 |[39m
 [90m 10 |[39m 
[36mexport[39m 
[36mconst[39m 
metadata[33m:[39m 
[33mMetadata[39m 
[33m=[39m {
[31m[1m>[22m[39m[90m 
11 |[39m   
title[33m:[39m 
[32m"Taxi for Castel 
Dell Ovo 
Visits"[39m[33mOvo[39m 
[33mPrivate[39m 
[33mTaxi[39m 
[33m|[39m 
[33mNaples[39m 
[33mWaterfront[39m [33m
Transfers[39m[32m",[39m
 [90m    |[39m          
                          
       [31m[1m^[22m[39
m[31m[1m^[22m[39m[31m
[1m^[22m[39m
 [90m 12 |[39m   
description[33m:[39m 
[32m"Visit the historic 
Castel dell'Ovo in Naples 
with ease. Private taxi 
transfers from Naples 
Airport, Central Station, 
or the Cruise Port. 
Professional local 
drivers."[39m[33m,[39m
 [90m 13 |[39m   
alternates[33m:[39m {
 [90m 14 |[39m     
canonical[33m:[39m [32m
"/attraction-transfer/cast
el-dell-ovo-taxi-transfer"
[39m[33m,[39m[0m

Expected ',', got 'ident'

Import trace:
  App Route:
    ./src/app/attraction-t
ransfer/castel-dell-ovo-ta
xi-transfer/page.tsx
    ./src/app/sitemap.ts
    ./src/app/sitemap--rou
te-entry.js


./src/app/attraction-trans
fer/st-marks-basilica-taxi
-transfer/page.tsx:11:45
Parsing ecmascript source 
code failed
[0m [90m  9 |[39m
 [90m 10 |[39m 
[36mexport[39m 
[36mconst[39m 
metadata[33m:[39m 
[33mMetadata[39m 
[33m=[39m {
[31m[1m>[22m[39m[90m 
11 |[39m   
title[33m:[39m 
[32m"Taxi for St Marks 
Basilica Visits"[39ms 
[33mBasilica[39m 
[33mPrivate[39m 
[33mTransfer[39m 
[33m|[39m 
[33mVenice[39m 
[33mCity[39m [33mAccess
[39m[32m",[39m
 [90m    |[39m          
                          
         
[31m[1m^[22m[39m
 [90m 12 |[39m   
description[33m:[39m 
[32m"Book a professional 
private transfer to 
Venice. We provide land 
taxi services to Piazzale 
Roma or the Cruise Port, 
with optional water taxi 
coordination to St. 
Mark's 
Square."[39m[33m,[39m
 [90m 13 |[39m   
alternates[33m:[39m {
 [90m 14 |[39m     
canonical[33m:[39m [32m
"/attraction-transfer/st-m
arks-basilica-taxi-transfe
r"[39m[33m,[39m[0m

Expected ',', got 'ident'

Import trace:
  App Route:
    ./src/app/attraction-t
ransfer/st-marks-basilica-
taxi-transfer/page.tsx
    ./src/app/sitemap.ts
    ./src/app/sitemap--rou
te-entry.js


    at <unknown> (./src/ap
p/crm/login/page.tsx:2:1)
    at <unknown> (./src/ap
p/crm/login/page.tsx:6:10)
    at <unknown> (./src/ap
p/crm/login/page.tsx:4:10)
    at <unknown> (./src/ap
p/crm/page.tsx:2:1)
    at <unknown> (./src/ap
p/crm/page.tsx:4:20)
    at <unknown> (./src/ap
p/crm/page.tsx:6:10)
    at <unknown> (./src/ap
p/crm/page.tsx:4:10)
    at <unknown> (./src/ap
p/attraction-transfer/cast
el-dell-ovo-taxi-transfer/
page.tsx:11:43)
    at <unknown> (./src/ap
p/attraction-transfer/st-m
arks-basilica-taxi-transfe
r/page.tsx:11:45)
